[

registrationNumber: MXH10045,
Owner: Mathias Dale Ratdal,
Model: E2,
Listing:    Start date: 2022-01-01,
   End date: 2022-03-07,
   isAvailable: true,
   Description : PLACEHOLDER DESCRIPTION, 

registrationNumber: EBX23365,
Owner: Sokrat Starynkiewicz,
Model: A4,
Listing:    Start date: 2022-02-25,
   End date: 2022-06-07,
   isAvailable: true,
   Description : PLACEHOLDER DESCRIPTION, 

registrationNumber: E0B10045,
Owner: Joe Mama,
Model: C2,
Listing:    Start date: 2022-02-01,
   End date: 2022-02-10,
   isAvailable: true,
   Description : PLACEHOLDER DESCRIPTION, 

registrationNumber: ADHD0O11,
Owner: Sander Kristiansen,
Model: C6,
Listing:    Start date: 2022-07-15,
   End date: 2022-08-15,
   isAvailable: true,
   Description : PLACEHOLDER DESCRIPTION, 

registrationNumber: D1CK9864,
Owner: Djikstra Van Houven,
Model: BA1,
Listing:    Start date: 2022-10-14,
   End date: 2022-11-04,
   isAvailable: true,
   Description : PLACEHOLDER DESCRIPTION, 

registrationNumber: P0043456,
Owner: John Doe,
Model: A2,
Listing:    Start date: 2022-12-01,
   End date: 2022-12-31,
   isAvailable: true,
   Description : PLACEHOLDER DESCRIPTION, 

registrationNumber: BE240051,
Owner: Ola Nordmann,
Model: A1,
Listing:    Start date: 2022-02-07,
   End date: 2022-12-23,
   isAvailable: true,
   Description : PLACEHOLDER DESCRIPTION, 

registrationNumber: DFG441563,
Owner: Dummy one,
Model: Volvo,
Listing:    Start date: 1900-01-01,
   End date: 1900-01-01,
   isAvailable: true,
   Description : ]