[

registrationNumber: MXH10045,
Owner: Mathias Dale Ratdal,
Model: E2,
Listing:    Start date: null,
   End date: null,
   isAvailable: true,
   Description : PLACEHOLDER DESCRIPTION, 

registrationNumber: EBX23365,
Owner: Sokrat Starynkiewicz,
Model: A4,
Listing:    Start date: null,
   End date: null,
   isAvailable: false,
   Description : PLACEHOLDER DESCRIPTION, 

registrationNumber: E0B10045,
Owner: Joe Mama,
Model: C2,
Listing:    Start date: null,
   End date: null,
   isAvailable: false,
   Description : PLACEHOLDER DESCRIPTION, 

registrationNumber: ADHD0O11,
Owner: Sander Kristiansen,
Model: C6,
Listing:    Start date: null,
   End date: null,
   isAvailable: true,
   Description : PLACEHOLDER DESCRIPTION, 

registrationNumber: D1CK9864,
Owner: Djikstra Van Houven,
Model: BA1,
Listing:    Start date: null,
   End date: null,
   isAvailable: true,
   Description : PLACEHOLDER DESCRIPTION, 

registrationNumber: P0043456,
Owner: John Doe,
Model: A2,
Listing:    Start date: null,
   End date: null,
   isAvailable: false,
   Description : PLACEHOLDER DESCRIPTION, 

registrationNumber: BE240051,
Owner: Ola Nordmann,
Model: A1,
Listing:    Start date: null,
   End date: null,
   isAvailable: true,
   Description : PLACEHOLDER DESCRIPTION]