[

registrationNumber: MXH10045,
Owner: Mathias Dale Ratdal,
Model: E2,
Listing:    Start date: null,
   End date: null,
   isAvailable: true,
   Description : PLACEHOLDER DESCRIPTION, 

registrationNumber: ADHD0O11,
Owner: Sander Kristiansen,
Model: C6,
Listing:    Start date: null,
   End date: null,
   isAvailable: true,
   Description : PLACEHOLDER DESCRIPTION, 

registrationNumber: D1CK9864,
Owner: Djikstra Van Houven,
Model: BA1,
Listing:    Start date: null,
   End date: null,
   isAvailable: true,
   Description : PLACEHOLDER DESCRIPTION, 

registrationNumber: BE240051,
Owner: Ola Nordmann,
Model: A1,
Listing:    Start date: null,
   End date: null,
   isAvailable: true,
   Description : PLACEHOLDER DESCRIPTION]