April : 30 
August : 31 
December : 31 
February : 28 
January : 31 
July : 31 
June : 30 
March : 31 
May : 31 
November : 30 
October : 31 
September : 30 
